[0.010s] Invoking command in '/home/riasathasan/quad_ws/build/quad_description': CMAKE_PREFIX_PATH=/opt/ros/humble /usr/bin/cmake --build /home/riasathasan/quad_ws/build/quad_description -- -j12 -l12
[0.049s] Invoked command in '/home/riasathasan/quad_ws/build/quad_description' returned '0': CMAKE_PREFIX_PATH=/opt/ros/humble /usr/bin/cmake --build /home/riasathasan/quad_ws/build/quad_description -- -j12 -l12
[0.060s] Invoking command in '/home/riasathasan/quad_ws/build/quad_description': CMAKE_PREFIX_PATH=/opt/ros/humble /usr/bin/cmake --install /home/riasathasan/quad_ws/build/quad_description
[0.065s] -- Install configuration: ""
[0.066s] -- Execute custom install script
[0.066s] -- Up-to-date symlink: /home/riasathasan/quad_ws/install/quad_description/share/quad_description/worlds/quad_world.sdf
[0.066s] -- Up-to-date symlink: /home/riasathasan/quad_ws/install/quad_description/share/ament_index/resource_index/package_run_dependencies/quad_description
[0.066s] -- Up-to-date symlink: /home/riasathasan/quad_ws/install/quad_description/share/ament_index/resource_index/parent_prefix_path/quad_description
[0.067s] -- Up-to-date symlink: /home/riasathasan/quad_ws/install/quad_description/share/quad_description/environment/ament_prefix_path.sh
[0.067s] -- Up-to-date symlink: /home/riasathasan/quad_ws/install/quad_description/share/quad_description/environment/ament_prefix_path.dsv
[0.067s] -- Up-to-date symlink: /home/riasathasan/quad_ws/install/quad_description/share/quad_description/environment/path.sh
[0.067s] -- Up-to-date symlink: /home/riasathasan/quad_ws/install/quad_description/share/quad_description/environment/path.dsv
[0.067s] -- Up-to-date symlink: /home/riasathasan/quad_ws/install/quad_description/share/quad_description/local_setup.bash
[0.068s] -- Up-to-date symlink: /home/riasathasan/quad_ws/install/quad_description/share/quad_description/local_setup.sh
[0.068s] -- Up-to-date symlink: /home/riasathasan/quad_ws/install/quad_description/share/quad_description/local_setup.zsh
[0.068s] -- Up-to-date symlink: /home/riasathasan/quad_ws/install/quad_description/share/quad_description/local_setup.dsv
[0.068s] -- Symlinking: /home/riasathasan/quad_ws/install/quad_description/share/quad_description/package.dsv
[0.076s] -- Up-to-date symlink: /home/riasathasan/quad_ws/install/quad_description/share/ament_index/resource_index/packages/quad_description
[0.077s] -- Up-to-date symlink: /home/riasathasan/quad_ws/install/quad_description/share/quad_description/cmake/quad_descriptionConfig.cmake
[0.077s] -- Up-to-date symlink: /home/riasathasan/quad_ws/install/quad_description/share/quad_description/cmake/quad_descriptionConfig-version.cmake
[0.077s] -- Up-to-date symlink: /home/riasathasan/quad_ws/install/quad_description/share/quad_description/package.xml
[0.079s] Invoked command in '/home/riasathasan/quad_ws/build/quad_description' returned '0': CMAKE_PREFIX_PATH=/opt/ros/humble /usr/bin/cmake --install /home/riasathasan/quad_ws/build/quad_description
