[0.442s] Invoking command in '/home/riasathasan/quad_ws/src/quad_control': PYTHONPATH=/home/riasathasan/quad_ws/build/quad_control/prefix_override:/usr/lib/python3/dist-packages/colcon_core/task/python/colcon_distutils_commands:/home/riasathasan/quad_ws/install/quad_control/lib/python3.10/site-packages:${PYTHONPATH} /usr/bin/python3 -W ignore:setup.py install is deprecated -W ignore:easy_install command is deprecated setup.py egg_info --egg-base ../../build/quad_control build --build-base /home/riasathasan/quad_ws/build/quad_control/build install --record /home/riasathasan/quad_ws/build/quad_control/install.log --install-scripts $base/lib/quad_control --single-version-externally-managed install_data
[0.600s] running egg_info
[0.600s] writing ../../build/quad_control/quad_control.egg-info/PKG-INFO
[0.601s] writing dependency_links to ../../build/quad_control/quad_control.egg-info/dependency_links.txt
[0.601s] writing entry points to ../../build/quad_control/quad_control.egg-info/entry_points.txt
[0.601s] writing requirements to ../../build/quad_control/quad_control.egg-info/requires.txt
[0.601s] writing top-level names to ../../build/quad_control/quad_control.egg-info/top_level.txt
[0.602s] reading manifest file '../../build/quad_control/quad_control.egg-info/SOURCES.txt'
[0.603s] writing manifest file '../../build/quad_control/quad_control.egg-info/SOURCES.txt'
[0.603s] running build
[0.603s] running build_py
[0.603s] running install
[0.603s] running install_lib
[0.604s] running install_data
[0.604s] running install_egg_info
[0.606s] removing '/home/riasathasan/quad_ws/install/quad_control/lib/python3.10/site-packages/quad_control-0.0.0-py3.10.egg-info' (and everything under it)
[0.606s] Copying ../../build/quad_control/quad_control.egg-info to /home/riasathasan/quad_ws/install/quad_control/lib/python3.10/site-packages/quad_control-0.0.0-py3.10.egg-info
[0.608s] running install_scripts
[0.624s] Installing leader_follower script to /home/riasathasan/quad_ws/install/quad_control/lib/quad_control
[0.624s] Installing mode_manager script to /home/riasathasan/quad_ws/install/quad_control/lib/quad_control
[0.624s] Installing telemetry_gui script to /home/riasathasan/quad_ws/install/quad_control/lib/quad_control
[0.624s] Installing voice_control script to /home/riasathasan/quad_ws/install/quad_control/lib/quad_control
[0.624s] writing list of installed files to '/home/riasathasan/quad_ws/build/quad_control/install.log'
[0.643s] Invoked command in '/home/riasathasan/quad_ws/src/quad_control' returned '0': PYTHONPATH=/home/riasathasan/quad_ws/build/quad_control/prefix_override:/usr/lib/python3/dist-packages/colcon_core/task/python/colcon_distutils_commands:/home/riasathasan/quad_ws/install/quad_control/lib/python3.10/site-packages:${PYTHONPATH} /usr/bin/python3 -W ignore:setup.py install is deprecated -W ignore:easy_install command is deprecated setup.py egg_info --egg-base ../../build/quad_control build --build-base /home/riasathasan/quad_ws/build/quad_control/build install --record /home/riasathasan/quad_ws/build/quad_control/install.log --install-scripts $base/lib/quad_control --single-version-externally-managed install_data
