[0.968s] Invoking command in '/home/riasathasan/quad_ws/build/quad_control': PYTHONPATH=/home/riasathasan/quad_ws/build/quad_control/prefix_override:/usr/lib/python3/dist-packages/colcon_core/task/python/colcon_distutils_commands:/home/riasathasan/quad_ws/install/quad_control/lib/python3.10/site-packages:${PYTHONPATH} /usr/bin/python3 -W ignore:setup.py install is deprecated -W ignore:easy_install command is deprecated setup.py develop --editable --build-directory /home/riasathasan/quad_ws/build/quad_control/build --no-deps symlink_data --force
[1.175s] running develop
[2.562s] running egg_info
[2.562s] writing quad_control.egg-info/PKG-INFO
[2.562s] writing dependency_links to quad_control.egg-info/dependency_links.txt
[2.563s] writing entry points to quad_control.egg-info/entry_points.txt
[2.563s] writing requirements to quad_control.egg-info/requires.txt
[2.563s] writing top-level names to quad_control.egg-info/top_level.txt
[2.566s] reading manifest file 'quad_control.egg-info/SOURCES.txt'
[2.567s] writing manifest file 'quad_control.egg-info/SOURCES.txt'
[2.567s] running build_ext
[2.568s] Creating /home/riasathasan/quad_ws/install/quad_control/lib/python3.10/site-packages/quad-control.egg-link (link to .)
[2.568s] Installing leader_follower script to /home/riasathasan/quad_ws/install/quad_control/lib/quad_control
[2.568s] Installing mode_manager script to /home/riasathasan/quad_ws/install/quad_control/lib/quad_control
[2.569s] Installing telemetry_gui script to /home/riasathasan/quad_ws/install/quad_control/lib/quad_control
[2.569s] Installing voice_control script to /home/riasathasan/quad_ws/install/quad_control/lib/quad_control
[2.569s] 
[2.569s] Installed /home/riasathasan/quad_ws/build/quad_control
[2.569s] running symlink_data
[2.569s] symbolically linking /home/riasathasan/quad_ws/build/quad_control/resource/quad_control -> /home/riasathasan/quad_ws/install/quad_control/share/ament_index/resource_index/packages
[2.570s] symbolically linking /home/riasathasan/quad_ws/build/quad_control/package.xml -> /home/riasathasan/quad_ws/install/quad_control/share/quad_control
[2.601s] Invoked command in '/home/riasathasan/quad_ws/build/quad_control' returned '0': PYTHONPATH=/home/riasathasan/quad_ws/build/quad_control/prefix_override:/usr/lib/python3/dist-packages/colcon_core/task/python/colcon_distutils_commands:/home/riasathasan/quad_ws/install/quad_control/lib/python3.10/site-packages:${PYTHONPATH} /usr/bin/python3 -W ignore:setup.py install is deprecated -W ignore:easy_install command is deprecated setup.py develop --editable --build-directory /home/riasathasan/quad_ws/build/quad_control/build --no-deps symlink_data --force
