[0.008s] Invoking command in '/home/riasathasan/quad_ws/build/quad_description': CMAKE_PREFIX_PATH=${CMAKE_PREFIX_PATH}:/home/riasathasan/quad_ws/install/sjtu_drone_control:/home/riasathasan/quad_ws/install/sjtu_drone_bringup:/home/riasathasan/quad_ws/install/quad_control:/opt/ros/humble /usr/bin/cmake --build /home/riasathasan/quad_ws/build/quad_description -- -j12 -l12
[0.036s] Invoked command in '/home/riasathasan/quad_ws/build/quad_description' returned '0': CMAKE_PREFIX_PATH=${CMAKE_PREFIX_PATH}:/home/riasathasan/quad_ws/install/sjtu_drone_control:/home/riasathasan/quad_ws/install/sjtu_drone_bringup:/home/riasathasan/quad_ws/install/quad_control:/opt/ros/humble /usr/bin/cmake --build /home/riasathasan/quad_ws/build/quad_description -- -j12 -l12
[0.042s] Invoking command in '/home/riasathasan/quad_ws/build/quad_description': CMAKE_PREFIX_PATH=${CMAKE_PREFIX_PATH}:/home/riasathasan/quad_ws/install/sjtu_drone_control:/home/riasathasan/quad_ws/install/sjtu_drone_bringup:/home/riasathasan/quad_ws/install/quad_control:/opt/ros/humble /usr/bin/cmake --install /home/riasathasan/quad_ws/build/quad_description
[0.046s] -- Install configuration: ""
[0.047s] -- Execute custom install script
[0.047s] -- Symlinking: /home/riasathasan/quad_ws/install/quad_description/share/quad_description/worlds/quad_world.sdf
[0.053s] -- Up-to-date symlink: /home/riasathasan/quad_ws/install/quad_description/share/ament_index/resource_index/package_run_dependencies/quad_description
[0.053s] -- Up-to-date symlink: /home/riasathasan/quad_ws/install/quad_description/share/ament_index/resource_index/parent_prefix_path/quad_description
[0.053s] -- Up-to-date symlink: /home/riasathasan/quad_ws/install/quad_description/share/quad_description/environment/ament_prefix_path.sh
[0.053s] -- Up-to-date symlink: /home/riasathasan/quad_ws/install/quad_description/share/quad_description/environment/ament_prefix_path.dsv
[0.053s] -- Up-to-date symlink: /home/riasathasan/quad_ws/install/quad_description/share/quad_description/environment/path.sh
[0.054s] -- Up-to-date symlink: /home/riasathasan/quad_ws/install/quad_description/share/quad_description/environment/path.dsv
[0.054s] -- Up-to-date symlink: /home/riasathasan/quad_ws/install/quad_description/share/quad_description/local_setup.bash
[0.054s] -- Up-to-date symlink: /home/riasathasan/quad_ws/install/quad_description/share/quad_description/local_setup.sh
[0.054s] -- Up-to-date symlink: /home/riasathasan/quad_ws/install/quad_description/share/quad_description/local_setup.zsh
[0.054s] -- Up-to-date symlink: /home/riasathasan/quad_ws/install/quad_description/share/quad_description/local_setup.dsv
[0.054s] -- Symlinking: /home/riasathasan/quad_ws/install/quad_description/share/quad_description/package.dsv
[0.060s] -- Up-to-date symlink: /home/riasathasan/quad_ws/install/quad_description/share/ament_index/resource_index/packages/quad_description
[0.060s] -- Up-to-date symlink: /home/riasathasan/quad_ws/install/quad_description/share/quad_description/cmake/quad_descriptionConfig.cmake
[0.060s] -- Up-to-date symlink: /home/riasathasan/quad_ws/install/quad_description/share/quad_description/cmake/quad_descriptionConfig-version.cmake
[0.060s] -- Up-to-date symlink: /home/riasathasan/quad_ws/install/quad_description/share/quad_description/package.xml
[0.062s] Invoked command in '/home/riasathasan/quad_ws/build/quad_description' returned '0': CMAKE_PREFIX_PATH=${CMAKE_PREFIX_PATH}:/home/riasathasan/quad_ws/install/sjtu_drone_control:/home/riasathasan/quad_ws/install/sjtu_drone_bringup:/home/riasathasan/quad_ws/install/quad_control:/opt/ros/humble /usr/bin/cmake --install /home/riasathasan/quad_ws/build/quad_description
