running egg_info
creating ../../build/quad_control/quad_control.egg-info
writing ../../build/quad_control/quad_control.egg-info/PKG-INFO
writing dependency_links to ../../build/quad_control/quad_control.egg-info/dependency_links.txt
writing entry points to ../../build/quad_control/quad_control.egg-info/entry_points.txt
writing requirements to ../../build/quad_control/quad_control.egg-info/requires.txt
writing top-level names to ../../build/quad_control/quad_control.egg-info/top_level.txt
writing manifest file '../../build/quad_control/quad_control.egg-info/SOURCES.txt'
reading manifest file '../../build/quad_control/quad_control.egg-info/SOURCES.txt'
writing manifest file '../../build/quad_control/quad_control.egg-info/SOURCES.txt'
running build
running build_py
creating /home/riasathasan/quad_ws/build/quad_control/build
creating /home/riasathasan/quad_ws/build/quad_control/build/lib
creating /home/riasathasan/quad_ws/build/quad_control/build/lib/quad_control
copying quad_control/voice_control_node.py -> /home/riasathasan/quad_ws/build/quad_control/build/lib/quad_control
copying quad_control/telemetry_gui_node.py -> /home/riasathasan/quad_ws/build/quad_control/build/lib/quad_control
copying quad_control/__init__.py -> /home/riasathasan/quad_ws/build/quad_control/build/lib/quad_control
copying quad_control/mode_manager_node.py -> /home/riasathasan/quad_ws/build/quad_control/build/lib/quad_control
running install
running install_lib
creating /home/riasathasan/quad_ws/install/quad_control/lib/python3.10/site-packages/quad_control
copying /home/riasathasan/quad_ws/build/quad_control/build/lib/quad_control/voice_control_node.py -> /home/riasathasan/quad_ws/install/quad_control/lib/python3.10/site-packages/quad_control
copying /home/riasathasan/quad_ws/build/quad_control/build/lib/quad_control/telemetry_gui_node.py -> /home/riasathasan/quad_ws/install/quad_control/lib/python3.10/site-packages/quad_control
copying /home/riasathasan/quad_ws/build/quad_control/build/lib/quad_control/__init__.py -> /home/riasathasan/quad_ws/install/quad_control/lib/python3.10/site-packages/quad_control
copying /home/riasathasan/quad_ws/build/quad_control/build/lib/quad_control/mode_manager_node.py -> /home/riasathasan/quad_ws/install/quad_control/lib/python3.10/site-packages/quad_control
byte-compiling /home/riasathasan/quad_ws/install/quad_control/lib/python3.10/site-packages/quad_control/voice_control_node.py to voice_control_node.cpython-310.pyc
byte-compiling /home/riasathasan/quad_ws/install/quad_control/lib/python3.10/site-packages/quad_control/telemetry_gui_node.py to telemetry_gui_node.cpython-310.pyc
byte-compiling /home/riasathasan/quad_ws/install/quad_control/lib/python3.10/site-packages/quad_control/__init__.py to __init__.cpython-310.pyc
byte-compiling /home/riasathasan/quad_ws/install/quad_control/lib/python3.10/site-packages/quad_control/mode_manager_node.py to mode_manager_node.cpython-310.pyc
running install_data
creating /home/riasathasan/quad_ws/install/quad_control/share/ament_index
creating /home/riasathasan/quad_ws/install/quad_control/share/ament_index/resource_index
creating /home/riasathasan/quad_ws/install/quad_control/share/ament_index/resource_index/packages
copying resource/quad_control -> /home/riasathasan/quad_ws/install/quad_control/share/ament_index/resource_index/packages
copying package.xml -> /home/riasathasan/quad_ws/install/quad_control/share/quad_control
running install_egg_info
Copying ../../build/quad_control/quad_control.egg-info to /home/riasathasan/quad_ws/install/quad_control/lib/python3.10/site-packages/quad_control-0.0.0-py3.10.egg-info
running install_scripts
Installing leader_follower script to /home/riasathasan/quad_ws/install/quad_control/lib/quad_control
Installing mode_manager script to /home/riasathasan/quad_ws/install/quad_control/lib/quad_control
Installing telemetry_gui script to /home/riasathasan/quad_ws/install/quad_control/lib/quad_control
Installing voice_control script to /home/riasathasan/quad_ws/install/quad_control/lib/quad_control
writing list of installed files to '/home/riasathasan/quad_ws/build/quad_control/install.log'
